Archive member included because of file (symbol)

c:\Users\mitchellg2026\AppData\Roaming\Code\User\globalStorage\vexrobotics.vexcode\sdk\cpp\V5\V5_20220726_10_00_00/vexv5\libv5rt.a(v5_startup.c.obj)
                              (vexStartup)
c:\Users\mitchellg2026\AppData\Roaming\Code\User\globalStorage\vexrobotics.vexcode\sdk\cpp\V5\V5_20220726_10_00_00/vexv5\libv5rt.a(v5_util.c.obj)
                              c:\Users\mitchellg2026\AppData\Roaming\Code\User\globalStorage\vexrobotics.vexcode\sdk\cpp\V5\V5_20220726_10_00_00/vexv5\libv5rt.a(v5_startup.c.obj) (vexStdlibVersionLinked)
c:\Users\mitchellg2026\AppData\Roaming\Code\User\globalStorage\vexrobotics.vexcode\sdk\cpp\V5\V5_20220726_10_00_00/vexv5\libv5rt.a(v5_apijump.c.obj)
                              c:\Users\mitchellg2026\AppData\Roaming\Code\User\globalStorage\vexrobotics.vexcode\sdk\cpp\V5\V5_20220726_10_00_00/vexv5\libv5rt.a(v5_startup.c.obj) (vexPrivateApiEnable)
c:\Users\mitchellg2026\AppData\Roaming\Code\User\globalStorage\vexrobotics.vexcode\sdk\cpp\V5\V5_20220726_10_00_00/vexv5\libv5rt.a(v5_apiversions.c.obj)
                              c:\Users\mitchellg2026\AppData\Roaming\Code\User\globalStorage\vexrobotics.vexcode\sdk\cpp\V5\V5_20220726_10_00_00/vexv5\libv5rt.a(v5_apijump.c.obj) (vexSystemVersion)
c:\Users\mitchellg2026\AppData\Roaming\Code\User\globalStorage\vexrobotics.vexcode\sdk\cpp\V5\V5_20220726_10_00_00/vexv5\libv5rt.a(vex_global.cpp.obj)
                              build/src/main.o (vex::wait(double, vex::timeUnits))
c:\Users\mitchellg2026\AppData\Roaming\Code\User\globalStorage\vexrobotics.vexcode\sdk\cpp\V5\V5_20220726_10_00_00/vexv5\libv5rt.a(vex_controller.cpp.obj)
                              build/src/robot-config.o (vex::controller::~controller())
c:\Users\mitchellg2026\AppData\Roaming\Code\User\globalStorage\vexrobotics.vexcode\sdk\cpp\V5\V5_20220726_10_00_00/vexv5\libv5rt.a(vex_thread.cpp.obj)
                              c:\Users\mitchellg2026\AppData\Roaming\Code\User\globalStorage\vexrobotics.vexcode\sdk\cpp\V5\V5_20220726_10_00_00/vexv5\libv5rt.a(vex_global.cpp.obj) (vex::this_thread::sleep_for(unsigned long))
c:\Users\mitchellg2026\AppData\Roaming\Code\User\globalStorage\vexrobotics.vexcode\sdk\cpp\V5\V5_20220726_10_00_00/vexv5\libv5rt.a(vex_event.cpp.obj)
                              c:\Users\mitchellg2026\AppData\Roaming\Code\User\globalStorage\vexrobotics.vexcode\sdk\cpp\V5\V5_20220726_10_00_00/vexv5\libv5rt.a(vex_controller.cpp.obj) (vex::event::init(unsigned long, unsigned long, void (*)()))
c:\Users\mitchellg2026\AppData\Roaming\Code\User\globalStorage\vexrobotics.vexcode\sdk\cpp\V5\V5_20220726_10_00_00/vexv5\libv5rt.a(vex_mevent.cpp.obj)
                              c:\Users\mitchellg2026\AppData\Roaming\Code\User\globalStorage\vexrobotics.vexcode\sdk\cpp\V5\V5_20220726_10_00_00/vexv5\libv5rt.a(vex_controller.cpp.obj) (vex::mevent::mevent(unsigned long, unsigned long))
c:\Users\mitchellg2026\AppData\Roaming\Code\User\globalStorage\vexrobotics.vexcode\sdk\cpp\V5\V5_20220726_10_00_00/vexv5\libv5rt.a(vex_brain.cpp.obj)
                              build/src/robot-config.o (vex::brain::brain())
c:\Users\mitchellg2026\AppData\Roaming\Code\User\globalStorage\vexrobotics.vexcode\sdk\cpp\V5\V5_20220726_10_00_00/vexv5\libv5rt.a(vex_triport.cpp.obj)
                              c:\Users\mitchellg2026\AppData\Roaming\Code\User\globalStorage\vexrobotics.vexcode\sdk\cpp\V5\V5_20220726_10_00_00/vexv5\libv5rt.a(vex_brain.cpp.obj) (vex::triport::~triport())
c:\Users\mitchellg2026\AppData\Roaming\Code\User\globalStorage\vexrobotics.vexcode\sdk\cpp\V5\V5_20220726_10_00_00/vexv5\libv5rt.a(vex_color.cpp.obj)
                              build/src/main.o (vex::color::~color())
c:\Users\mitchellg2026\AppData\Roaming\Code\User\globalStorage\vexrobotics.vexcode\sdk\cpp\V5\V5_20220726_10_00_00/vexv5\libv5rt.a(vex_timer.cpp.obj)
                              c:\Users\mitchellg2026\AppData\Roaming\Code\User\globalStorage\vexrobotics.vexcode\sdk\cpp\V5\V5_20220726_10_00_00/vexv5\libv5rt.a(vex_brain.cpp.obj) (vex::timer::~timer())
c:\Users\mitchellg2026\AppData\Roaming\Code\User\globalStorage\vexrobotics.vexcode\sdk\cpp\V5\V5_20220726_10_00_00/vexv5\libv5rt.a(v5_apiuser.c.obj)
                              c:\Users\mitchellg2026\AppData\Roaming\Code\User\globalStorage\vexrobotics.vexcode\sdk\cpp\V5\V5_20220726_10_00_00/vexv5\libv5rt.a(vex_triport.cpp.obj) (vexAdiPortConfigSet)
c:\Users\mitchellg2026\AppData\Roaming\Code\User\globalStorage\vexrobotics.vexcode\sdk\cpp\V5\V5_20220726_10_00_00/vexv5\libv5rt.a(vex_device.cpp.obj)
                              c:\Users\mitchellg2026\AppData\Roaming\Code\User\globalStorage\vexrobotics.vexcode\sdk\cpp\V5\V5_20220726_10_00_00/vexv5\libv5rt.a(vex_triport.cpp.obj) (vex::device::~device())
c:\Users\mitchellg2026\AppData\Roaming\Code\User\globalStorage\vexrobotics.vexcode\sdk\cpp\V5\V5_20220726_10_00_00/vexv5/gcc/libs\libc.a(lib_a-aeabi_memcpy.o)
[...]
Memory Configuration

Name             Origin             Length             Attributes
ps7_ddr_0_S_AXI_BASEADDR 0x03800000         0x04800000
*default*        0x00000000         0xffffffff

Linker script and memory map

                0x00002000                _STACK_SIZE = DEFINED (_STACK_SIZE)?_STACK_SIZE:0x2000
                0x00100000                _HEAP_SIZE = DEFINED (_HEAP_SIZE)?_HEAP_SIZE:0x100000
                0x00000400                _ABORT_STACK_SIZE = DEFINED (_ABORT_STACK_SIZE)?_ABORT_STACK_SIZE:0x400
                0x00000800                _SUPERVISOR_STACK_SIZE = DEFINED (_SUPERVISOR_STACK_SIZE)?_SUPERVISOR_STACK_SIZE:0x800
                0x00000400                _IRQ_STACK_SIZE = DEFINED (_IRQ_STACK_SIZE)?_IRQ_STACK_SIZE:0x400
                0x00000400                _FIQ_STACK_SIZE = DEFINED (_FIQ_STACK_SIZE)?_FIQ_STACK_SIZE:0x400
                0x00000400                _UNDEF_STACK_SIZE = DEFINED (_UNDEF_STACK_SIZE)?_UNDEF_STACK_SIZE:0x400

.text           0x03800000    0x183c0
 *(.vectors)
 *(.boot_data)
 .boot_data     0x03800000       0x20 c:\Users\mitchellg2026\AppData\Roaming\Code\User\globalStorage\vexrobotics.vexcode\sdk\cpp\V5\V5_20220726_10_00_00/vexv5\libv5rt.a(v5_startup.c.obj)
                0x03800000                vexCodeSig
                0x00000020                . = 0x20
 *(.boot)
 .boot          0x03800020       0xbc c:\Users\mitchellg2026\AppData\Roaming\Code\User\globalStorage\vexrobotics.vexcode\sdk\cpp\V5\V5_20220726_10_00_00/vexv5\libv5rt.a(v5_startup.c.obj)
                0x03800020                vexStartup
                0x03800100                . = ALIGN (0x40)
 *fill*         0x038000dc       0x24 
 *(.freertos_vectors)
 *(.text)
 *(.text.*)
 .text.main     0x03800100    0x16980 build/src/main.o
                0x03800100                main
 .text._ZN6SpriteC2EPA16_N3vex5colorE
                0x03816a80       0x74 build/src/main.o
                0x03816a80                Sprite::Sprite(vex::color (*) [16])
 .text._ZN9Rectangle10IntersectsES_
                0x03816af4       0x90 build/src/main.o
                0x03816af4                Rectangle::Intersects(Rectangle)
 .text._ZN9Rectangle12EqIntersectsES_
                0x03816b84       0x90 build/src/main.o
                0x03816b84                Rectangle::EqIntersects(Rectangle)
 .text._ZN6Sprite12DrawUpscaledE7Vector2i
                0x03816c14      0x11c build/src/main.o
                0x03816c14                Sprite::DrawUpscaled(Vector2, int)
 .text._ZN6Sprite18DrawUpscaleFlippedE7Vector2i
                0x03816d30      0x12c build/src/main.o
                0x03816d30                Sprite::DrawUpscaleFlipped(Vector2, int)
 .text._Z11vexcodeInitv
                0x03816e5c        0x4 build/src/robot-config.o
                0x03816e5c                vexcodeInit()
 .text._GLOBAL__sub_I_robot_config.cpp
                0x03816e60       0x68 build/src/robot-config.o
 .text.vexMain  0x03816ec8       0xb0 c:\Users\mitchellg2026\AppData\Roaming\Code\User\globalStorage\vexrobotics.vexcode\sdk\cpp\V5\V5_20220726_10_00_00/vexv5\libv5rt.a(v5_startup.c.obj)
                0x03816ec8                vexMain
 .text.__vex_function_prolog
                0x03816f78       0x18 c:\Users\mitchellg2026\AppData\Roaming\Code\User\globalStorage\vexrobotics.vexcode\sdk\cpp\V5\V5_20220726_10_00_00/vexv5\libv5rt.a(v5_startup.c.obj)
                0x03816f78                __vex_function_prolog
 .text._init    0x03816f90        0x4 c:\Users\mitchellg2026\AppData\Roaming\Code\User\globalStorage\vexrobotics.vexcode\sdk\cpp\V5\V5_20220726_10_00_00/vexv5\libv5rt.a(v5_startup.c.obj)
                0x03816f90                _init
 .text._fini    0x03816f94        0x4 c:\Users\mitchellg2026\AppData\Roaming\Code\User\globalStorage\vexrobotics.vexcode\sdk\cpp\V5\V5_20220726_10_00_00/vexv5\libv5rt.a(v5_startup.c.obj)
                0x03816f94                _fini
 .text.vexStdlibVersionLinked
                0x03816f98        0xc c:\Users\mitchellg2026\AppData\Roaming\Code\User\globalStorage\vexrobotics.vexcode\sdk\cpp\V5\V5_20220726_10_00_00/vexv5\libv5rt.a(v5_util.c.obj)
                0x03816f98                vexStdlibVersionLinked
 .text.vexStdlibVersionVerify
                0x03816fa4       0x30 c:\Users\mitchellg2026\AppData\Roaming\Code\User\globalStorage\vexrobotics.vexcode\sdk\cpp\V5\V5_20220726_10_00_00/vexv5\libv5rt.a(v5_util.c.obj)
                0x03816fa4                vexStdlibVersionVerify
 .text.vexPrivateApiEnable
                0x03816fd4       0x10 c:\Users\mitchellg2026\AppData\Roaming\Code\User\globalStorage\vexrobotics.vexcode\sdk\cpp\V5\V5_20220726_10_00_00/vexv5\libv5rt.a(v5_apijump.c.obj)
                0x03816fd4                vexPrivateApiEnable
 .text.vexStdlibMismatchError
                0x03816fe4       0x3c c:\Users\mitchellg2026\AppData\Roaming\Code\User\globalStorage\vexrobotics.vexcode\sdk\cpp\V5\V5_20220726_10_00_00/vexv5\libv5rt.a(v5_apijump.c.obj)
                0x03816fe4                vexStdlibMismatchError
 .text.vexTaskAdd
                0x03817020       0x10 c:\Users\mitchellg2026\AppData\Roaming\Code\User\globalStorage\vexrobotics.vexcode\sdk\cpp\V5\V5_20220726_10_00_00/vexv5\libv5rt.a(v5_apijump.c.obj)
                0x03817020                vexTaskAdd
 .text.vexTasksRun
                0x03817030       0x10 c:\Users\mitchellg2026\AppData\Roaming\Code\User\globalStorage\vexrobotics.vexcode\sdk\cpp\V5\V5_20220726_10_00_00/vexv5\libv5rt.a(v5_apijump.c.obj)
                0x03817030                vexTasksRun
 .text.vexTaskCheckTimeslice
                0x03817040       0x10 c:\Users\mitchellg2026\AppData\Roaming\Code\User\globalStorage\vexrobotics.vexcode\sdk\cpp\V5\V5_20220726_10_00_00/vexv5\libv5rt.a(v5_apijump.c.obj)
                0x03817040                vexTaskCheckTimeslice
 .text.vexTaskSleep
                0x03817050       0x10 c:\Users\mitchellg2026\AppData\Roaming\Code\User\globalStorage\vexrobotics.vexcode\sdk\cpp\V5\V5_20220726_10_00_00/vexv5\libv5rt.a(v5_apijump.c.obj)
                0x03817050                vexTaskSleep
 .text.vexTasksDump
                0x03817060       0x1c c:\Users\mitchellg2026\AppData\Roaming\Code\User\globalStorage\vexrobotics.vexcode\sdk\cpp\V5\V5_20220726_10_00_00/vexv5\libv5rt.a(v5_apijump.c.obj)
                0x03817060                vexTasksDump
 .text.vexTaskGetTaskIndex
                0x0381707c       0x10 c:\Users\mitchellg2026\AppData\Roaming\Code\User\globalStorage\vexrobotics.vexcode\sdk\cpp\V5\V5_20220726_10_00_00/vexv5\libv5rt.a(v5_apijump.c.obj)
                0x0381707c                vexTaskGetTaskIndex
 .text.vexTaskStopAll
                0x0381708c       0x10 c:\Users\mitchellg2026\AppData\Roaming\Code\User\globalStorage\vexrobotics.vexcode\sdk\cpp\V5\V5_20220726_10_00_00/vexv5\libv5rt.a(v5_apijump.c.obj)
                0x0381708c                vexTaskStopAll
 .text.vexTaskCompletionIdSet
                0x0381709c       0x10 c:\Users\mitchellg2026\AppData\Roaming\Code\User\globalStorage\vexrobotics.vexcode\sdk\cpp\V5\V5_20220726_10_00_00/vexv5\libv5rt.a(v5_apijump.c.obj)
                0x0381709c                vexTaskCompletionIdSet
 .text.vexEventAdd
                0x038170ac       0x34 c:\Users\mitchellg2026\AppData\Roaming\Code\User\globalStorage\vexrobotics.vexcode\sdk\cpp\V5\V5_20220726_10_00_00/vexv5\libv5rt.a(v5_apijump.c.obj)
                0x038170ac                vexEventAdd
 .text.vexEventUserIndexGet
                0x038170e0       0x1c c:\Users\mitchellg2026\AppData\Roaming\Code\User\globalStorage\vexrobotics.vexcode\sdk\cpp\V5\V5_20220726_10_00_00/vexv5\libv5rt.a(v5_apijump.c.obj)
                0x038170e0                vexEventUserIndexGet
 .text.vexDebug
                0x038170fc       0x38 c:\Users\mitchellg2026\AppData\Roaming\Code\User\globalStorage\vexrobotics.vexcode\sdk\cpp\V5\V5_20220726_10_00_00/vexv5\libv5rt.a(v5_apijump.c.obj)
                0x038170fc                vexDebug
 .text.vexSystemTimeGet
                0x03817134       0x1c c:\Users\mitchellg2026\AppData\Roaming\Code\User\globalStorage\vexrobotics.vexcode\sdk\cpp\V5\V5_20220726_10_00_00/vexv5\libv5rt.a(v5_apijump.c.obj)
                0x03817134                vexSystemTimeGet
 .text.vexSystemExitRequest
                0x03817150       0x1c c:\Users\mitchellg2026\AppData\Roaming\Code\User\globalStorage\vexrobotics.vexcode\sdk\cpp\V5\V5_20220726_10_00_00/vexv5\libv5rt.a(v5_apijump.c.obj)
                0x03817150                vexSystemExitRequest
 .text.vexDeviceGetByIndex
                0x0381716c       0x24 c:\Users\mitchellg2026\AppData\Roaming\Code\User\globalStorage\vexrobotics.vexcode\sdk\cpp\V5\V5_20220726_10_00_00/vexv5\libv5rt.a(v5_apijump.c.obj)
                0x0381716c                vexDeviceGetByIndex
 .text.vexControllerGet
                0x03817190       0x2c c:\Users\mitchellg2026\AppData\Roaming\Code\User\globalStorage\vexrobotics.vexcode\sdk\cpp\V5\V5_20220726_10_00_00/vexv5\libv5rt.a(v5_apijump.c.obj)
                0x03817190                vexControllerGet
 .text.vexDisplayForegroundColor
                0x038171bc       0x24 c:\Users\mitchellg2026\AppData\Roaming\Code\User\globalStorage\vexrobotics.vexcode\sdk\cpp\V5\V5_20220726_10_00_00/vexv5\libv5rt.a(v5_apijump.c.obj)
                0x038171bc                vexDisplayForegroundColor
 .text.vexDisplayBackgroundColor
                0x038171e0       0x24 c:\Users\mitchellg2026\AppData\Roaming\Code\User\globalStorage\vexrobotics.vexcode\sdk\cpp\V5\V5_20220726_10_00_00/vexv5\libv5rt.a(v5_apijump.c.obj)
                0x038171e0                vexDisplayBackgroundColor
 .text.vexDisplayPixelSet
                0x03817204       0x38 c:\Users\mitchellg2026\AppData\Roaming\Code\User\globalStorage\vexrobotics.vexcode\sdk\cpp\V5\V5_20220726_10_00_00/vexv5\libv5rt.a(v5_apijump.c.obj)
                0x03817204                vexDisplayPixelSet
 .text.vexDisplayRectDraw
                0x0381723c       0x4c c:\Users\mitchellg2026\AppData\Roaming\Code\User\globalStorage\vexrobotics.vexcode\sdk\cpp\V5\V5_20220726_10_00_00/vexv5\libv5rt.a(v5_apijump.c.obj)
                0x0381723c                vexDisplayRectDraw
 .text.vexDisplayRectClear
                0x03817288       0x4c c:\Users\mitchellg2026\AppData\Roaming\Code\User\globalStorage\vexrobotics.vexcode\sdk\cpp\V5\V5_20220726_10_00_00/vexv5\libv5rt.a(v5_apijump.c.obj)
                0x03817288                vexDisplayRectClear
 .text.vexDisplayTextReference
                0x038172d4       0x24 c:\Users\mitchellg2026\AppData\Roaming\Code\User\globalStorage\vexrobotics.vexcode\sdk\cpp\V5\V5_20220726_10_00_00/vexv5\libv5rt.a(v5_apijump.c.obj)
                0x038172d4                vexDisplayTextReference
 .text.vexDisplayTextSize
                0x038172f8       0x2c c:\Users\mitchellg2026\AppData\Roaming\Code\User\globalStorage\vexrobotics.vexcode\sdk\cpp\V5\V5_20220726_10_00_00/vexv5\libv5rt.a(v5_apijump.c.obj)
                0x038172f8                vexDisplayTextSize
 .text.vexDisplayFontNamedSet
                0x03817324       0x24 c:\Users\mitchellg2026\AppData\Roaming\Code\User\globalStorage\vexrobotics.vexcode\sdk\cpp\V5\V5_20220726_10_00_00/vexv5\libv5rt.a(v5_apijump.c.obj)
                0x03817324                vexDisplayFontNamedSet
 .text.vexDisplayPenSizeGet
                0x03817348       0x1c c:\Users\mitchellg2026\AppData\Roaming\Code\User\globalStorage\vexrobotics.vexcode\sdk\cpp\V5\V5_20220726_10_00_00/vexv5\libv5rt.a(v5_apijump.c.obj)
                0x03817348                vexDisplayPenSizeGet
 .text.vexSystemStdlibImpureDataAddr
                0x03817364       0x28 c:\Users\mitchellg2026\AppData\Roaming\Code\User\globalStorage\vexrobotics.vexcode\sdk\cpp\V5\V5_20220726_10_00_00/vexv5\libv5rt.a(v5_apijump.c.obj)
                0x03817364                vexSystemStdlibImpureDataAddr
 .text.vexSystemStdlibImpureDataSize
                0x0381738c       0x28 c:\Users\mitchellg2026\AppData\Roaming\Code\User\globalStorage\vexrobotics.vexcode\sdk\cpp\V5\V5_20220726_10_00_00/vexv5\libv5rt.a(v5_apijump.c.obj)
                0x0381738c                vexSystemStdlibImpureDataSize
 .text.vexSystemSaveUserData
                0x038173b4       0x3c c:\Users\mitchellg2026\AppData\Roaming\Code\User\globalStorage\vexrobotics.vexcode\sdk\cpp\V5\V5_20220726_10_00_00/vexv5\libv5rt.a(v5_apijump.c.obj)
                0x038173b4                vexSystemSaveUserData
 .text.vexDisplayThemeIdGet
                0x038173f0       0x38 c:\Users\mitchellg2026\AppData\Roaming\Code\User\globalStorage\vexrobotics.vexcode\sdk\cpp\V5\V5_20220726_10_00_00/vexv5\libv5rt.a(v5_apijump.c.obj)
                0x038173f0                vexDisplayThemeIdGet
 .text.vexDisplayRender
                0x03817428       0x2c c:\Users\mitchellg2026\AppData\Roaming\Code\User\globalStorage\vexrobotics.vexcode\sdk\cpp\V5\V5_20220726_10_00_00/vexv5\libv5rt.a(v5_apijump.c.obj)
                0x03817428                vexDisplayRender
 .text.vexDeviceEventMaskSet
                0x03817454       0x48 c:\Users\mitchellg2026\AppData\Roaming\Code\User\globalStorage\vexrobotics.vexcode\sdk\cpp\V5\V5_20220726_10_00_00/vexv5\libv5rt.a(v5_apijump.c.obj)
                0x03817454                vexDeviceEventMaskSet
 .text.vexDeviceEventMaskGet
                0x0381749c       0x3c c:\Users\mitchellg2026\AppData\Roaming\Code\User\globalStorage\vexrobotics.vexcode\sdk\cpp\V5\V5_20220726_10_00_00/vexv5\libv5rt.a(v5_apijump.c.obj)
                0x0381749c                vexDeviceEventMaskGet
 .text.vexSystemVersion
                0x038174d8       0x10 c:\Users\mitchellg2026\AppData\Roaming\Code\User\globalStorage\vexrobotics.vexcode\sdk\cpp\V5\V5_20220726_10_00_00/vexv5\libv5rt.a(v5_apiversions.c.obj)
                0x038174d8                vexSystemVersion
 .text.vexStdlibVersion
                0x038174e8       0x10 c:\Users\mitchellg2026\AppData\Roaming\Code\User\globalStorage\vexrobotics.vexcode\sdk\cpp\V5\V5_20220726_10_00_00/vexv5\libv5rt.a(v5_apiversions.c.obj)
                0x038174e8                vexStdlibVersion
 .text._ZN3vex4waitEdNS_9timeUnitsE
                0x038174f8       0x30 c:\Users\mitchellg2026\AppData\Roaming\Code\User\globalStorage\vexrobotics.vexcode\sdk\cpp\V5\V5_20220726_10_00_00/vexv5\libv5rt.a(vex_global.cpp.obj)
                0x038174f8                vex::wait(double, vex::timeUnits)
 .text._ZN3vex10controllerD2Ev
                0x03817528        0x4 c:\Users\mitchellg2026\AppData\Roaming\Code\User\globalStorage\vexrobotics.vexcode\sdk\cpp\V5\V5_20220726_10_00_00/vexv5\libv5rt.a(vex_controller.cpp.obj)
                0x03817528                vex::controller::~controller()
                0x03817528                vex::controller::~controller()
 .text._ZN3vex10controller5valueE19_V5_ControllerIndex
                0x0381752c        0x8 c:\Users\mitchellg2026\AppData\Roaming\Code\User\globalStorage\vexrobotics.vexcode\sdk\cpp\V5\V5_20220726_10_00_00/vexv5\libv5rt.a(vex_controller.cpp.obj)
                0x0381752c                vex::controller::value(_V5_ControllerIndex)
 .text._ZNK3vex10controller6button8pressingEv
                0x03817534       0xc8 c:\Users\mitchellg2026\AppData\Roaming\Code\User\globalStorage\vexrobotics.vexcode\sdk\cpp\V5\V5_20220726_10_00_00/vexv5\libv5rt.a(vex_controller.cpp.obj)
                0x03817534                vex::controller::button::pressing() const
 .text._ZNK3vex10controller6button21_buttonToPressedEventEv
                0x038175fc       0x20 c:\Users\mitchellg2026\AppData\Roaming\Code\User\globalStorage\vexrobotics.vexcode\sdk\cpp\V5\V5_20220726_10_00_00/vexv5\libv5rt.a(vex_controller.cpp.obj)
                0x038175fc                vex::controller::button::_buttonToPressedEvent() const
 .text._ZNK3vex10controller6button22_buttonToReleasedEventEv
                0x0381761c       0x20 c:\Users\mitchellg2026\AppData\Roaming\Code\User\globalStorage\vexrobotics.vexcode\sdk\cpp\V5\V5_20220726_10_00_00/vexv5\libv5rt.a(vex_controller.cpp.obj)
                0x0381761c                vex::controller::button::_buttonToReleasedEvent() const
 .text._ZN3vex10controller6buttonC2ENS0_11tButtonTypeEPS0_
                0x0381763c       0x48 c:\Users\mitchellg2026\AppData\Roaming\Code\User\globalStorage\vexrobotics.vexcode\sdk\cpp\V5\V5_20220726_10_00_00/vexv5\libv5rt.a(vex_controller.cpp.obj)
                0x0381763c                vex::controller::button::button(vex::controller::tButtonType, vex::controller*)
                0x0381763c                vex::controller::button::button(vex::controller::tButtonType, vex::controller*)
 .text._ZNK3vex10controller4axis5valueEv
                0x03817684       0x58 c:\Users\mitchellg2026\AppData\Roaming\Code\User\globalStorage\vexrobotics.vexcode\sdk\cpp\V5\V5_20220726_10_00_00/vexv5\libv5rt.a(vex_controller.cpp.obj)
                0x03817684                vex::controller::axis::value() const
 .text._ZNK3vex10controller4axis8positionENS_12percentUnitsE
                0x038176dc       0x1c c:\Users\mitchellg2026\AppData\Roaming\Code\User\globalStorage\vexrobotics.vexcode\sdk\cpp\V5\V5_20220726_10_00_00/vexv5\libv5rt.a(vex_controller.cpp.obj)
                0x038176dc                vex::controller::axis::position(vex::percentUnits) const
 .text._ZNK3vex10controller4axis23_joystickToChangedEventEv
                0x038176f8       0x20 c:\Users\mitchellg2026\AppData\Roaming\Code\User\globalStorage\vexrobotics.vexcode\sdk\cpp\V5\V5_20220726_10_00_00/vexv5\libv5rt.a(vex_controller.cpp.obj)
                0x038176f8                vex::controller::axis::_joystickToChangedEvent() const
 .text._ZN3vex10controller4axisC2ENS0_9tAxisTypeEPS0_
                0x03817718       0x2c c:\Users\mitchellg2026\AppData\Roaming\Code\User\globalStorage\vexrobotics.vexcode\sdk\cpp\V5\V5_20220726_10_00_00/vexv5\libv5rt.a(vex_controller.cpp.obj)
                0x03817718                vex::controller::axis::axis(vex::controller::tAxisType, vex::controller*)
                0x03817718                vex::controller::axis::axis(vex::controller::tAxisType, vex::controller*)
 .text._ZN3vex10controllerC2ENS_14controllerTypeE
                0x03817744      0x16c c:\Users\mitchellg2026\AppData\Roaming\Code\User\globalStorage\vexrobotics.vexcode\sdk\cpp\V5\V5_20220726_10_00_00/vexv5\libv5rt.a(vex_controller.cpp.obj)
                0x03817744                vex::controller::controller(vex::controllerType)
                0x03817744                vex::controller::controller(vex::controllerType)
 .text._ZN3vex11this_thread9sleep_forEm
                0x038178b0        0x4 c:\Users\mitchellg2026\AppData\Roaming\Code\User\globalStorage\vexrobotics.vexcode\sdk\cpp\V5\V5_20220726_10_00_00/vexv5\libv5rt.a(vex_thread.cpp.obj)
                0x038178b0                vex::this_thread::sleep_for(unsigned long)
 .text._ZN3vex5event4initEmmPFvvE
                0x038178b4        0x4 c:\Users\mitchellg2026\AppData\Roaming\Code\User\globalStorage\vexrobotics.vexcode\sdk\cpp\V5\V5_20220726_10_00_00/vexv5\libv5rt.a(vex_event.cpp.obj)
                0x038178b4                vex::event::init(unsigned long, unsigned long, void (*)())
 .text._ZN3vex5event9userindexEv
                0x038178b8        0x4 c:\Users\mitchellg2026\AppData\Roaming\Code\User\globalStorage\vexrobotics.vexcode\sdk\cpp\V5\V5_20220726_10_00_00/vexv5\libv5rt.a(vex_event.cpp.obj)
                0x038178b8                vex::event::userindex()
 .text._ZZN3vex6meventC4EmmENUlvE_4_FUNEv
                0x038178bc        0x4 c:\Users\mitchellg2026\AppData\Roaming\Code\User\globalStorage\vexrobotics.vexcode\sdk\cpp\V5\V5_20220726_10_00_00/vexv5\libv5rt.a(vex_mevent.cpp.obj)
 .text._ZN3vex6meventC2Emm
                0x038178c0       0x70 c:\Users\mitchellg2026\AppData\Roaming\Code\User\globalStorage\vexrobotics.vexcode\sdk\cpp\V5\V5_20220726_10_00_00/vexv5\libv5rt.a(vex_mevent.cpp.obj)
                0x038178c0                vex::mevent::mevent(unsigned long, unsigned long)
                0x038178c0                vex::mevent::mevent(unsigned long, unsigned long)
 .text._ZN3vex5brain9_getIndexEv
                0x03817930       0x10 c:\Users\mitchellg2026\AppData\Roaming\Code\User\globalStorage\vexrobotics.vexcode\sdk\cpp\V5\V5_20220726_10_00_00/vexv5\libv5rt.a(vex_brain.cpp.obj)
                0x03817930                vex::brain::_getIndex()
 .text._ZN3vex5brain3lcd9setCursorEll
                0x03817940       0x44 c:\Users\mitchellg2026\AppData\Roaming\Code\User\globalStorage\vexrobotics.vexcode\sdk\cpp\V5\V5_20220726_10_00_00/vexv5\libv5rt.a(vex_brain.cpp.obj)
                0x03817940                vex::brain::lcd::setCursor(long, long)
 .text._ZN3vex5brain3lcd7setFontENS_8fontTypeE
                0x03817984      0x23c c:\Users\mitchellg2026\AppData\Roaming\Code\User\globalStorage\vexrobotics.vexcode\sdk\cpp\V5\V5_20220726_10_00_00/vexv5\libv5rt.a(vex_brain.cpp.obj)
                0x03817984                vex::brain::lcd::setFont(vex::fontType)
 .text._ZN3vex5brain3lcdC2Ev
                0x03817bc0       0x94 c:\Users\mitchellg2026\AppData\Roaming\Code\User\globalStorage\vexrobotics.vexcode\sdk\cpp\V5\V5_20220726_10_00_00/vexv5\libv5rt.a(vex_brain.cpp.obj)
                0x03817bc0                vex::brain::lcd::lcd()
                0x03817bc0                vex::brain::lcd::lcd()
 .text._ZN3vex5brainC2Ev
                0x03817c54       0x3c c:\Users\mitchellg2026\AppData\Roaming\Code\User\globalStorage\vexrobotics.vexcode\sdk\cpp\V5\V5_20220726_10_00_00/vexv5\libv5rt.a(vex_brain.cpp.obj)
                0x03817c54                vex::brain::brain()
                0x03817c54                vex::brain::brain()
 .text._ZN3vex5brain3lcd11setPenColorERKNS_5colorE
                0x03817c90       0x14 c:\Users\mitchellg2026\AppData\Roaming\Code\User\globalStorage\vexrobotics.vexcode\sdk\cpp\V5\V5_20220726_10_00_00/vexv5\libv5rt.a(vex_brain.cpp.obj)
                0x03817c90                vex::brain::lcd::setPenColor(vex::color const&)
 .text._ZN3vex5brain3lcd12setFillColorERKNS_5colorE
                0x03817ca4       0x38 c:\Users\mitchellg2026\AppData\Roaming\Code\User\globalStorage\vexrobotics.vexcode\sdk\cpp\V5\V5_20220726_10_00_00/vexv5\libv5rt.a(vex_brain.cpp.obj)
                0x03817ca4                vex::brain::lcd::setFillColor(vex::color const&)
 .text._ZN3vex5brain3lcd9drawPixelEii
                0x03817cdc       0x14 c:\Users\mitchellg2026\AppData\Roaming\Code\User\globalStorage\vexrobotics.vexcode\sdk\cpp\V5\V5_20220726_10_00_00/vexv5\libv5rt.a(vex_brain.cpp.obj)
                0x03817cdc                vex::brain::lcd::drawPixel(int, int)
 .text._ZN3vex5brain3lcd13drawRectangleEiiii
                0x03817cf0       0xdc c:\Users\mitchellg2026\AppData\Roaming\Code\User\globalStorage\vexrobotics.vexcode\sdk\cpp\V5\V5_20220726_10_00_00/vexv5\libv5rt.a(vex_brain.cpp.obj)
                0x03817cf0                vex::brain::lcd::drawRectangle(int, int, int, int)
 .text._ZN3vex5brain3lcd6renderEv
                0x03817dcc        0xc c:\Users\mitchellg2026\AppData\Roaming\Code\User\globalStorage\vexrobotics.vexcode\sdk\cpp\V5\V5_20220726_10_00_00/vexv5\libv5rt.a(vex_brain.cpp.obj)
                0x03817dcc                vex::brain::lcd::render()
 .text._ZN3vex5brainD2Ev
                0x03817dd8       0x20 c:\Users\mitchellg2026\AppData\Roaming\Code\User\globalStorage\vexrobotics.vexcode\sdk\cpp\V5\V5_20220726_10_00_00/vexv5\libv5rt.a(vex_brain.cpp.obj)
                0x03817dd8                vex::brain::~brain()
                0x03817dd8                vex::brain::~brain()
 .text._ZN3vex7triportD2Ev
                0x03817df8       0x38 c:\Users\mitchellg2026\AppData\Roaming\Code\User\globalStorage\vexrobotics.vexcode\sdk\cpp\V5\V5_20220726_10_00_00/vexv5\libv5rt.a(vex_triport.cpp.obj)
                0x03817df8                vex::triport::~triport()
                0x03817df8                vex::triport::~triport()
 .text._ZN3vex7triportD0Ev
                0x03817e30       0x1c c:\Users\mitchellg2026\AppData\Roaming\Code\User\globalStorage\vexrobotics.vexcode\sdk\cpp\V5\V5_20220726_10_00_00/vexv5\libv5rt.a(vex_triport.cpp.obj)
                0x03817e30                vex::triport::~triport()
 .text._ZN3vex7triport9installedEv
                0x03817e4c       0x18 c:\Users\mitchellg2026\AppData\Roaming\Code\User\globalStorage\vexrobotics.vexcode\sdk\cpp\V5\V5_20220726_10_00_00/vexv5\libv5rt.a(vex_triport.cpp.obj)
                0x03817e4c                vex::triport::installed()
 .text._ZN3vex7triport4portC2ElPS0_
                0x03817e64       0x74 c:\Users\mitchellg2026\AppData\Roaming\Code\User\globalStorage\vexrobotics.vexcode\sdk\cpp\V5\V5_20220726_10_00_00/vexv5\libv5rt.a(vex_triport.cpp.obj)
                0x03817e64                vex::triport::port::port(long, vex::triport*)
                0x03817e64                vex::triport::port::port(long, vex::triport*)
 .text._ZN3vex7triportC2El
                0x03817ed8       0xf0 c:\Users\mitchellg2026\AppData\Roaming\Code\User\globalStorage\vexrobotics.vexcode\sdk\cpp\V5\V5_20220726_10_00_00/vexv5\libv5rt.a(vex_triport.cpp.obj)
                0x03817ed8                vex::triport::triport(long)
                0x03817ed8                vex::triport::triport(long)
 .text._ZN3vex5colorD2Ev
                0x03817fc8        0x4 c:\Users\mitchellg2026\AppData\Roaming\Code\User\globalStorage\vexrobotics.vexcode\sdk\cpp\V5\V5_20220726_10_00_00/vexv5\libv5rt.a(vex_color.cpp.obj)
                0x03817fc8                vex::color::~color()
                0x03817fc8                vex::color::~color()
 .text._ZN3vex5colorC2Ev
                0x03817fcc       0x10 c:\Users\mitchellg2026\AppData\Roaming\Code\User\globalStorage\vexrobotics.vexcode\sdk\cpp\V5\V5_20220726_10_00_00/vexv5\libv5rt.a(vex_color.cpp.obj)
                0x03817fcc                vex::color::color()
                0x03817fcc                vex::color::color()
 .text._ZN3vex5colorC2Ehhh
                0x03817fdc       0x1c c:\Users\mitchellg2026\AppData\Roaming\Code\User\globalStorage\vexrobotics.vexcode\sdk\cpp\V5\V5_20220726_10_00_00/vexv5\libv5rt.a(vex_color.cpp.obj)
                0x03817fdc                vex::color::color(unsigned char, unsigned char, unsigned char)
                0x03817fdc                vex::color::color(unsigned char, unsigned char, unsigned char)
 .text._ZNK3vex5colorcvmEv
                0x03817ff8        0x8 c:\Users\mitchellg2026\AppData\Roaming\Code\User\globalStorage\vexrobotics.vexcode\sdk\cpp\V5\V5_20220726_10_00_00/vexv5\libv5rt.a(vex_color.cpp.obj)
                0x03817ff8                vex::color::operator unsigned long() const
 .text._ZNK3vex5color13isTransparentEv
                0x03818000        0x8 c:\Users\mitchellg2026\AppData\Roaming\Code\User\globalStorage\vexrobotics.vexcode\sdk\cpp\V5\V5_20220726_10_00_00/vexv5\libv5rt.a(vex_color.cpp.obj)
                0x03818000                vex::color::isTransparent() const
 .text.startup._GLOBAL__sub_I__ZN3vex5color5blackE
                0x03818008      0x164 c:\Users\mitchellg2026\AppData\Roaming\Code\User\globalStorage\vexrobotics.vexcode\sdk\cpp\V5\V5_20220726_10_00_00/vexv5\libv5rt.a(vex_color.cpp.obj)
 .text._ZN3vex5timerD2Ev
                0x0381816c        0x4 c:\Users\mitchellg2026\AppData\Roaming\Code\User\globalStorage\vexrobotics.vexcode\sdk\cpp\V5\V5_20220726_10_00_00/vexv5\libv5rt.a(vex_timer.cpp.obj)
                0x0381816c                vex::timer::~timer()
                0x0381816c                vex::timer::~timer()
 .text._ZN3vex5timer5clearEv
                0x03818170       0x1c c:\Users\mitchellg2026\AppData\Roaming\Code\User\globalStorage\vexrobotics.vexcode\sdk\cpp\V5\V5_20220726_10_00_00/vexv5\libv5rt.a(vex_timer.cpp.obj)
                0x03818170                vex::timer::clear()
 .text._ZN3vex5timerC2Ev
                0x0381818c       0x14 c:\Users\mitchellg2026\AppData\Roaming\Code\User\globalStorage\vexrobotics.vexcode\sdk\cpp\V5\V5_20220726_10_00_00/vexv5\libv5rt.a(vex_timer.cpp.obj)
                0x0381818c                vex::timer::timer()
                0x0381818c                vex::timer::timer()
 .text.vexEventMaskSet
                0x038181a0       0x28 c:\Users\mitchellg2026\AppData\Roaming\Code\User\globalStorage\vexrobotics.vexcode\sdk\cpp\V5\V5_20220726_10_00_00/vexv5\libv5rt.a(v5_apiuser.c.obj)
                0x038181a0                vexEventMaskSet
 .text.vexEventMaskGet
                0x038181c8       0x18 c:\Users\mitchellg2026\AppData\Roaming\Code\User\globalStorage\vexrobotics.vexcode\sdk\cpp\V5\V5_20220726_10_00_00/vexv5\libv5rt.a(v5_apiuser.c.obj)
                0x038181c8                vexEventMaskGet
 .text._ZN3vex6deviceD2Ev
                0x038181e0        0x4 c:\Users\mitchellg2026\AppData\Roaming\Code\User\globalStorage\vexrobotics.vexcode\sdk\cpp\V5\V5_20220726_10_00_00/vexv5\libv5rt.a(vex_device.cpp.obj)
                0x038181e0                vex::device::~device()
                0x038181e0                vex::device::~device()
 .text._ZN3vex6device5valueEv
                0x038181e4        0x8 c:\Users\mitchellg2026\AppData\Roaming\Code\User\globalStorage\vexrobotics.vexcode\sdk\cpp\V5\V5_20220726_10_00_00/vexv5\libv5rt.a(vex_device.cpp.obj)
                0x038181e4                vex::device::value()
 .text._ZN3vex6deviceD0Ev
                0x038181ec       0x14 c:\Users\mitchellg2026\AppData\Roaming\Code\User\globalStorage\vexrobotics.vexcode\sdk\cpp\V5\V5_20220726_10_00_00/vexv5\libv5rt.a(vex_device.cpp.obj)
                0x038181ec                vex::device::~device()
 .text._ZN3vex6device4initEl
                0x03818200       0x30 c:\Users\mitchellg2026\AppData\Roaming\Code\User\globalStorage\vexrobotics.vexcode\sdk\cpp\V5\V5_20220726_10_00_00/vexv5\libv5rt.a(vex_device.cpp.obj)
                0x03818200                vex::device::init(long)
 .text._ZN3vex6deviceC2El
                0x03818230       0x20 c:\Users\mitchellg2026\AppData\Roaming\Code\User\globalStorage\vexrobotics.vexcode\sdk\cpp\V5\V5_20220726_10_00_00/vexv5\libv5rt.a(vex_device.cpp.obj)
                0x03818230                vex::device::device(long)
                0x03818230                vex::device::device(long)
 .text._ZN3vex6device4typeEv
                0x03818250       0x10 c:\Users\mitchellg2026\AppData\Roaming\Code\User\globalStorage\vexrobotics.vexcode\sdk\cpp\V5\V5_20220726_10_00_00/vexv5\libv5rt.a(vex_device.cpp.obj)
                0x03818250                vex::device::type()
 .text._ZN3vex6device9installedEv
                0x03818260       0x14 c:\Users\mitchellg2026\AppData\Roaming\Code\User\globalStorage\vexrobotics.vexcode\sdk\cpp\V5\V5_20220726_10_00_00/vexv5\libv5rt.a(vex_device.cpp.obj)
                0x03818260                vex::device::installed()
 .text.__aeabi_memcpy
                0x03818274        0x4 c:\Users\mitchellg2026\AppData\Roaming\Code\User\globalStorage\vexrobotics.vexcode\sdk\cpp\V5\V5_20220726_10_00_00/vexv5/gcc/libs\libc.a(lib_a-aeabi_memcpy.o)
                0x03818274                __aeabi_memcpy
                0x03818274                __aeabi_memcpy8
                0x03818274                __aeabi_memcpy4
 .text.__libc_fini_array
                0x03818278       0x30 c:\Users\mitchellg2026\AppData\Roaming\Code\User\globalStorage\vexrobotics.vexcode\sdk\cpp\V5\V5_20220726_10_00_00/vexv5/gcc/libs\libc.a(lib_a-fini.o)
                0x03818278                __libc_fini_array
 .text.__libc_init_array
                0x038182a8       0x58 c:\Users\mitchellg2026\AppData\Roaming\Code\User\globalStorage\vexrobotics.vexcode\sdk\cpp\V5\V5_20220726_10_00_00/vexv5/gcc/libs\libc.a(lib_a-init.o)
                0x038182a8                __libc_init_array
 .text.memcpy   0x03818300       0xa8 c:\Users\mitchellg2026\AppData\Roaming\Code\User\globalStorage\vexrobotics.vexcode\sdk\cpp\V5\V5_20220726_10_00_00/vexv5/gcc/libs\libc.a(lib_a-memcpy.o)
                0x03818300                memcpy
 .text.memcpy.__stub
                0x038183a8       0x18 linker stubs
 *(.gnu.linkonce.t.*)
 *(.plt)
 *(.gnu_warning)
 *(.gcc_except_table)
 *(.glue_7)
 .glue_7        0x00000000        0x0 linker stubs
 *(.glue_7t)
 .glue_7t       0x00000000        0x0 linker stubs
 *(.vfp11_veneer)
 .vfp11_veneer  0x00000000        0x0 linker stubs
 *(.ARM.extab)
 *(.gnu.linkonce.armextab.*)

.v4_bx          0x038183c0        0x0
 .v4_bx         0x00000000        0x0 linker stubs

.iplt           0x038183c0        0x0
 .iplt          0x00000000        0x0 build/src/main.o

.init
 *(.init)

.fini
 *(.fini)

.rodata         0x038183c0       0xdc
                0x038183c0                __rodata_start = .
 *(.rodata)
 *(.rodata.*)
 .rodata.str1.1
                0x038183c0       0x2e c:\Users\mitchellg2026\AppData\Roaming\Code\User\globalStorage\vexrobotics.vexcode\sdk\cpp\V5\V5_20220726_10_00_00/vexv5\libv5rt.a(v5_startup.c.obj)
 *fill*         0x038183ee        0x2 
 .rodata._ZN3vex6yellowE
                0x038183f0        0x4 c:\Users\mitchellg2026\AppData\Roaming\Code\User\globalStorage\vexrobotics.vexcode\sdk\cpp\V5\V5_20220726_10_00_00/vexv5\libv5rt.a(vex_global.cpp.obj)
                0x038183f0                vex::yellow
 .rodata._ZN3vex11transparentE
                0x038183f4        0x4 c:\Users\mitchellg2026\AppData\Roaming\Code\User\globalStorage\vexrobotics.vexcode\sdk\cpp\V5\V5_20220726_10_00_00/vexv5\libv5rt.a(vex_global.cpp.obj)
                0x038183f4                vex::transparent
 .rodata._ZN3vex5whiteE
                0x038183f8        0x4 c:\Users\mitchellg2026\AppData\Roaming\Code\User\globalStorage\vexrobotics.vexcode\sdk\cpp\V5\V5_20220726_10_00_00/vexv5\libv5rt.a(vex_global.cpp.obj)
                0x038183f8                vex::white
 .rodata._ZN3vex3redE
                0x038183fc        0x4 c:\Users\mitchellg2026\AppData\Roaming\Code\User\globalStorage\vexrobotics.vexcode\sdk\cpp\V5\V5_20220726_10_00_00/vexv5\libv5rt.a(vex_global.cpp.obj)
                0x038183fc                vex::red
 .rodata._ZN3vex5blackE
                0x03818400        0x4 c:\Users\mitchellg2026\AppData\Roaming\Code\User\globalStorage\vexrobotics.vexcode\sdk\cpp\V5\V5_20220726_10_00_00/vexv5\libv5rt.a(vex_global.cpp.obj)
                0x03818400                vex::black
 .rodata._ZN3vex4blueE
                0x03818404        0x4 c:\Users\mitchellg2026\AppData\Roaming\Code\User\globalStorage\vexrobotics.vexcode\sdk\cpp\V5\V5_20220726_10_00_00/vexv5\libv5rt.a(vex_global.cpp.obj)
                0x03818404                vex::blue
 .rodata._ZN3vex7primaryE
                0x03818408        0x4 c:\Users\mitchellg2026\AppData\Roaming\Code\User\globalStorage\vexrobotics.vexcode\sdk\cpp\V5\V5_20220726_10_00_00/vexv5\libv5rt.a(vex_global.cpp.obj)
                0x03818408                vex::primary
 .rodata._ZN3vex5greenE
                0x0381840c        0x4 c:\Users\mitchellg2026\AppData\Roaming\Code\User\globalStorage\vexrobotics.vexcode\sdk\cpp\V5\V5_20220726_10_00_00/vexv5\libv5rt.a(vex_global.cpp.obj)
                0x0381840c                vex::green
 .rodata._ZN3vex4cyanE
                0x03818410        0x4 c:\Users\mitchellg2026\AppData\Roaming\Code\User\globalStorage\vexrobotics.vexcode\sdk\cpp\V5\V5_20220726_10_00_00/vexv5\libv5rt.a(vex_global.cpp.obj)
                0x03818410                vex::cyan
 .rodata._ZN3vex6PORT22E
                0x03818414        0x4 c:\Users\mitchellg2026\AppData\Roaming\Code\User\globalStorage\vexrobotics.vexcode\sdk\cpp\V5\V5_20220726_10_00_00/vexv5\libv5rt.a(vex_global.cpp.obj)
                0x03818414                vex::PORT22
 .rodata._ZN3vex7secondsE
                0x03818418        0x4 c:\Users\mitchellg2026\AppData\Roaming\Code\User\globalStorage\vexrobotics.vexcode\sdk\cpp\V5\V5_20220726_10_00_00/vexv5\libv5rt.a(vex_global.cpp.obj)
                0x03818418                vex::seconds
 .rodata.CSWTCH.16
                0x0381841c        0xb c:\Users\mitchellg2026\AppData\Roaming\Code\User\globalStorage\vexrobotics.vexcode\sdk\cpp\V5\V5_20220726_10_00_00/vexv5\libv5rt.a(vex_controller.cpp.obj)
 .rodata.CSWTCH.18
                0x03818427        0xb c:\Users\mitchellg2026\AppData\Roaming\Code\User\globalStorage\vexrobotics.vexcode\sdk\cpp\V5\V5_20220726_10_00_00/vexv5\libv5rt.a(vex_controller.cpp.obj)
 .rodata.CSWTCH.24
                0x03818432        0x3 c:\Users\mitchellg2026\AppData\Roaming\Code\User\globalStorage\vexrobotics.vexcode\sdk\cpp\V5\V5_20220726_10_00_00/vexv5\libv5rt.a(vex_controller.cpp.obj)
 .rodata.str1.1
                0x03818435       0x2d c:\Users\mitchellg2026\AppData\Roaming\Code\User\globalStorage\vexrobotics.vexcode\sdk\cpp\V5\V5_20220726_10_00_00/vexv5\libv5rt.a(vex_brain.cpp.obj)
 *fill*         0x03818462        0x6 
 .rodata._ZTVN3vex7triportE
                0x03818468       0x18 c:\Users\mitchellg2026\AppData\Roaming\Code\User\globalStorage\vexrobotics.vexcode\sdk\cpp\V5\V5_20220726_10_00_00/vexv5\libv5rt.a(vex_triport.cpp.obj)
                0x03818468                vtable for vex::triport
 .rodata._ZTVN3vex6deviceE
                0x03818480       0x18 c:\Users\mitchellg2026\AppData\Roaming\Code\User\globalStorage\vexrobotics.vexcode\sdk\cpp\V5\V5_20220726_10_00_00/vexv5\libv5rt.a(vex_device.cpp.obj)
                0x03818480                vtable for vex::device
 .rodata.str1.4
                0x03818498        0x4 c:\Users\mitchellg2026\AppData\Roaming\Code\User\globalStorage\vexrobotics.vexcode\sdk\cpp\V5\V5_20220726_10_00_00/vexv5/gcc/libs\libc.a(lib_a-impure.o)
                                  0x2 (size before relaxing)
 *(.gnu.linkonce.r.*)
                0x0381849c                __rodata_end = .

.rodata1        0x0381849c        0x0
                0x0381849c                __rodata1_start = .
 *(.rodata1)
 *(.rodata1.*)
                0x0381849c                __rodata1_end = .

.sdata2         0x0381849c        0x0
                0x0381849c                __sdata2_start = .
 *(.sdata2)
 *(.sdata2.*)
 *(.gnu.linkonce.s2.*)
                0x0381849c                __sdata2_end = .

.sbss2          0x0381849c        0x0
                0x0381849c                __sbss2_start = .
 *(.sbss2)
 *(.sbss2.*)
 *(.gnu.linkonce.sb2.*)
                0x0381849c                __sbss2_end = .

.data           0x038184a0      0x434
                0x038184a0                __data_start = .
 *(.data)
 *(.data.*)
 .data.appRunning
                0x038184a0        0x4 c:\Users\mitchellg2026\AppData\Roaming\Code\User\globalStorage\vexrobotics.vexcode\sdk\cpp\V5\V5_20220726_10_00_00/vexv5\libv5rt.a(v5_startup.c.obj)
                0x038184a0                appRunning
 .data.__yoff   0x038184a4        0x4 c:\Users\mitchellg2026\AppData\Roaming\Code\User\globalStorage\vexrobotics.vexcode\sdk\cpp\V5\V5_20220726_10_00_00/vexv5\libv5rt.a(v5_apijump.c.obj)
 .data.impure_data
                0x038184a8      0x428 c:\Users\mitchellg2026\AppData\Roaming\Code\User\globalStorage\vexrobotics.vexcode\sdk\cpp\V5\V5_20220726_10_00_00/vexv5/gcc/libs\libc.a(lib_a-impure.o)
 .data._impure_ptr
                0x038188d0        0x4 c:\Users\mitchellg2026\AppData\Roaming\Code\User\globalStorage\vexrobotics.vexcode\sdk\cpp\V5\V5_20220726_10_00_00/vexv5/gcc/libs\libc.a(lib_a-impure.o)
                0x038188d0                _impure_ptr
 *(.gnu.linkonce.d.*)
 *(.jcr)
 *(.got)
 *(.got.plt)
                0x038188d4                __data_end = .

.igot.plt       0x038188d4        0x0
 .igot.plt      0x00000000        0x0 build/src/main.o

.data1          0x038188d4        0x0
                0x038188d4                __data1_start = .
 *(.data1)
 *(.data1.*)
                0x038188d4                __data1_end = .

.got
 *(.got)

.ctors          0x038188d4        0x0
                0x038188d4                __CTOR_LIST__ = .
                0x038188d4                ___CTORS_LIST___ = .
 *crtbegin.o(.ctors)
 *(EXCLUDE_FILE(*crtend.o) .ctors)
 *(SORT(.ctors.*))
 *(.ctors)
                0x038188d4                __CTOR_END__ = .
                0x038188d4                ___CTORS_END___ = .

.dtors          0x038188d4        0x0
                0x038188d4                __DTOR_LIST__ = .
                0x038188d4                ___DTORS_LIST___ = .
 *crtbegin.o(.dtors)
 *(EXCLUDE_FILE(*crtend.o) .dtors)
 *(SORT(.dtors.*))
 *(.dtors)
                0x038188d4                __DTOR_END__ = .
                0x038188d4                ___DTORS_END___ = .

.fixup          0x038188d4        0x0
                0x038188d4                __fixup_start = .
 *(.fixup)
                0x038188d4                __fixup_end = .

.eh_frame
 *(.eh_frame)

.eh_framehdr    0x038188d4        0x0
                0x038188d4                __eh_framehdr_start = .
 *(.eh_framehdr)
                0x038188d4                __eh_framehdr_end = .

.gcc_except_table
 *(.gcc_except_table)

.mmu_tbl        0x0381c000        0x0
                0x0381c000                __mmu_tbl_start = .
 *(.mmu_tbl)
                0x0381c000                __mmu_tbl_end = .

.ARM.exidx      0x038188d4        0x8
                0x038188d4                __exidx_start = .
 *(.ARM.exidx*)
 .ARM.exidx.text.main
                0x038188d4        0x8 build/src/main.o
 .ARM.exidx.text._ZN6SpriteC2EPA16_N3vex5colorE
                0x038188dc        0x0 build/src/main.o
                                  0x8 (size before relaxing)
 .ARM.exidx.text._ZN9Rectangle10IntersectsES_
                0x038188dc        0x0 build/src/main.o
                                  0x8 (size before relaxing)
 .ARM.exidx.text._ZN9Rectangle12EqIntersectsES_
                0x038188dc        0x0 build/src/main.o
                                  0x8 (size before relaxing)
 .ARM.exidx.text._ZN6Sprite12DrawUpscaledE7Vector2i
                0x038188dc        0x0 build/src/main.o
                                  0x8 (size before relaxing)
 .ARM.exidx.text._ZN6Sprite18DrawUpscaleFlippedE7Vector2i
                0x038188dc        0x0 build/src/main.o
                                  0x8 (size before relaxing)
 .ARM.exidx.text._Z11vexcodeInitv
                0x038188dc        0x0 build/src/robot-config.o
                                  0x8 (size before relaxing)
 .ARM.exidx.text._GLOBAL__sub_I_robot_config.cpp
                0x038188dc        0x0 build/src/robot-config.o
                                  0x8 (size before relaxing)
 *(.gnu.linkonce.armexidix.*.*)
                0x038188dc                __exidx_end = .

.rel.dyn        0x038188dc        0x0
 .rel.iplt      0x00000000        0x0 build/src/main.o

.preinit_array  0x038188dc        0x0
                0x038188dc                __preinit_array_start = .
 *(SORT(.preinit_array.*))
 *(.preinit_array)
                0x038188dc                __preinit_array_end = .

.init_array     0x038188dc        0x8
                0x038188dc                __init_array_start = .
 *(SORT(.init_array.*))
 *(.init_array)
 .init_array    0x038188dc        0x4 build/src/robot-config.o
 .init_array    0x038188e0        0x4 c:\Users\mitchellg2026\AppData\Roaming\Code\User\globalStorage\vexrobotics.vexcode\sdk\cpp\V5\V5_20220726_10_00_00/vexv5\libv5rt.a(vex_color.cpp.obj)
                0x038188e4                __init_array_end = .

.fini_array     0x038188e4        0x0
                0x038188e4                __fini_array_start = .
 *(SORT(.fini_array.*))
 *(.fini_array)
                0x038188e4                __fini_array_end = .

.ARM.attributes
                0x038188e4       0x3c
                0x038188e4                __ARM.attributes_start = .
 *(.ARM.attributes)
 .ARM.attributes
                0x038188e4       0x3a build/src/main.o
 .ARM.attributes
                0x0381891e       0x3a build/src/robot-config.o
 .ARM.attributes
                0x03818958       0x35 c:\Users\mitchellg2026\AppData\Roaming\Code\User\globalStorage\vexrobotics.vexcode\sdk\cpp\V5\V5_20220726_10_00_00/vexv5\libv5rt.a(v5_startup.c.obj)
 .ARM.attributes
                0x0381898d       0x35 c:\Users\mitchellg2026\AppData\Roaming\Code\User\globalStorage\vexrobotics.vexcode\sdk\cpp\V5\V5_20220726_10_00_00/vexv5\libv5rt.a(v5_util.c.obj)
 .ARM.attributes
                0x038189c2       0x35 c:\Users\mitchellg2026\AppData\Roaming\Code\User\globalStorage\vexrobotics.vexcode\sdk\cpp\V5\V5_20220726_10_00_00/vexv5\libv5rt.a(v5_apijump.c.obj)
 .ARM.attributes
                0x038189f7       0x35 c:\Users\mitchellg2026\AppData\Roaming\Code\User\globalStorage\vexrobotics.vexcode\sdk\cpp\V5\V5_20220726_10_00_00/vexv5\libv5rt.a(v5_apiversions.c.obj)
 .ARM.attributes
                0x03818a2c       0x35 c:\Users\mitchellg2026\AppData\Roaming\Code\User\globalStorage\vexrobotics.vexcode\sdk\cpp\V5\V5_20220726_10_00_00/vexv5\libv5rt.a(vex_global.cpp.obj)
 .ARM.attributes
                0x03818a61       0x35 c:\Users\mitchellg2026\AppData\Roaming\Code\User\globalStorage\vexrobotics.vexcode\sdk\cpp\V5\V5_20220726_10_00_00/vexv5\libv5rt.a(vex_controller.cpp.obj)
 .ARM.attributes
                0x03818a96       0x35 c:\Users\mitchellg2026\AppData\Roaming\Code\User\globalStorage\vexrobotics.vexcode\sdk\cpp\V5\V5_20220726_10_00_00/vexv5\libv5rt.a(vex_thread.cpp.obj)
 .ARM.attributes
                0x03818acb       0x35 c:\Users\mitchellg2026\AppData\Roaming\Code\User\globalStorage\vexrobotics.vexcode\sdk\cpp\V5\V5_20220726_10_00_00/vexv5\libv5rt.a(vex_event.cpp.obj)
 .ARM.attributes
                0x03818b00       0x35 c:\Users\mitchellg2026\AppData\Roaming\Code\User\globalStorage\vexrobotics.vexcode\sdk\cpp\V5\V5_20220726_10_00_00/vexv5\libv5rt.a(vex_mevent.cpp.obj)
 .ARM.attributes
                0x03818b35       0x35 c:\Users\mitchellg2026\AppData\Roaming\Code\User\globalStorage\vexrobotics.vexcode\sdk\cpp\V5\V5_20220726_10_00_00/vexv5\libv5rt.a(vex_brain.cpp.obj)
 .ARM.attributes
                0x03818b6a       0x35 c:\Users\mitchellg2026\AppData\Roaming\Code\User\globalStorage\vexrobotics.vexcode\sdk\cpp\V5\V5_20220726_10_00_00/vexv5\libv5rt.a(vex_triport.cpp.obj)
 .ARM.attributes
                0x03818b9f       0x35 c:\Users\mitchellg2026\AppData\Roaming\Code\User\globalStorage\vexrobotics.vexcode\sdk\cpp\V5\V5_20220726_10_00_00/vexv5\libv5rt.a(vex_color.cpp.obj)
 .ARM.attributes
                0x03818bd4       0x35 c:\Users\mitchellg2026\AppData\Roaming\Code\User\globalStorage\vexrobotics.vexcode\sdk\cpp\V5\V5_20220726_10_00_00/vexv5\libv5rt.a(vex_timer.cpp.obj)
 .ARM.attributes
                0x03818c09       0x35 c:\Users\mitchellg2026\AppData\Roaming\Code\User\globalStorage\vexrobotics.vexcode\sdk\cpp\V5\V5_20220726_10_00_00/vexv5\libv5rt.a(v5_apiuser.c.obj)
 .ARM.attributes
                0x03818c3e       0x35 c:\Users\mitchellg2026\AppData\Roaming\Code\User\globalStorage\vexrobotics.vexcode\sdk\cpp\V5\V5_20220726_10_00_00/vexv5\libv5rt.a(vex_device.cpp.obj)
 .ARM.attributes
                0x03818c73       0x2b c:\Users\mitchellg2026\AppData\Roaming\Code\User\globalStorage\vexrobotics.vexcode\sdk\cpp\V5\V5_20220726_10_00_00/vexv5/gcc/libs\libc.a(lib_a-aeabi_memcpy.o)
 .ARM.attributes
                0x03818c9e       0x2b c:\Users\mitchellg2026\AppData\Roaming\Code\User\globalStorage\vexrobotics.vexcode\sdk\cpp\V5\V5_20220726_10_00_00/vexv5/gcc/libs\libc.a(lib_a-fini.o)
 .ARM.attributes
                0x03818cc9       0x2b c:\Users\mitchellg2026\AppData\Roaming\Code\User\globalStorage\vexrobotics.vexcode\sdk\cpp\V5\V5_20220726_10_00_00/vexv5/gcc/libs\libc.a(lib_a-impure.o)
 .ARM.attributes
                0x03818cf4       0x2b c:\Users\mitchellg2026\AppData\Roaming\Code\User\globalStorage\vexrobotics.vexcode\sdk\cpp\V5\V5_20220726_10_00_00/vexv5/gcc/libs\libc.a(lib_a-init.o)
 .ARM.attributes
                0x03818d1f       0x2b c:\Users\mitchellg2026\AppData\Roaming\Code\User\globalStorage\vexrobotics.vexcode\sdk\cpp\V5\V5_20220726_10_00_00/vexv5/gcc/libs\libc.a(lib_a-memcpy.o)
                0x03818d4a                __ARM.attributes_end = .

.sdata          0x038188e4        0x0
                0x038188e4                __sdata_start = .
 *(.sdata)
 *(.sdata.*)
 *(.gnu.linkonce.s.*)
                0x038188e4                __sdata_end = .

.sbss           0x038188e4        0x0
                0x038188e4                __sbss_start = .
 *(.sbss)
 *(.sbss.*)
 *(.gnu.linkonce.sb.*)
                0x038188e4                __sbss_end = .

.tdata          0x038188e4        0x0
                0x038188e4                __tdata_start = .
 *(.tdata)
 *(.tdata.*)
 *(.gnu.linkonce.td.*)
                0x038188e4                __tdata_end = .

.tbss           0x038188e4        0x0
                0x038188e4                __tbss_start = .
 *(.tbss)
 *(.tbss.*)
 *(.gnu.linkonce.tb.*)
                0x038188e4                __tbss_end = .

.bss            0x038188e4      0x4d4
                0x038188e4                __bss_start = .
 *(.bss)
 *(.bss.*)
 .bss.Brain     0x038188e4      0x2bc build/src/robot-config.o
                0x038188e4                Brain
 .bss.Controller1
                0x03818ba0      0x1ac build/src/robot-config.o
                0x03818ba0                Controller1
 .bss.__dso_handle
                0x03818d4c        0x4 c:\Users\mitchellg2026\AppData\Roaming\Code\User\globalStorage\vexrobotics.vexcode\sdk\cpp\V5\V5_20220726_10_00_00/vexv5\libv5rt.a(v5_startup.c.obj)
                0x03818d4c                __dso_handle
 .bss._ZN3vex5color6orangeE
                0x03818d50        0x8 c:\Users\mitchellg2026\AppData\Roaming\Code\User\globalStorage\vexrobotics.vexcode\sdk\cpp\V5\V5_20220726_10_00_00/vexv5\libv5rt.a(vex_color.cpp.obj)
                0x03818d50                vex::color::orange
 .bss._ZN3vex5color5blackE
                0x03818d58        0x8 c:\Users\mitchellg2026\AppData\Roaming\Code\User\globalStorage\vexrobotics.vexcode\sdk\cpp\V5\V5_20220726_10_00_00/vexv5\libv5rt.a(vex_color.cpp.obj)
                0x03818d58                vex::color::black
 .bss._ZN3vex5color6yellowE
                0x03818d60        0x8 c:\Users\mitchellg2026\AppData\Roaming\Code\User\globalStorage\vexrobotics.vexcode\sdk\cpp\V5\V5_20220726_10_00_00/vexv5\libv5rt.a(vex_color.cpp.obj)
                0x03818d60                vex::color::yellow
 .bss._ZN3vex5color5greenE
                0x03818d68        0x8 c:\Users\mitchellg2026\AppData\Roaming\Code\User\globalStorage\vexrobotics.vexcode\sdk\cpp\V5\V5_20220726_10_00_00/vexv5\libv5rt.a(vex_color.cpp.obj)
                0x03818d68                vex::color::green
 .bss._ZN3vex5color6purpleE
                0x03818d70        0x8 c:\Users\mitchellg2026\AppData\Roaming\Code\User\globalStorage\vexrobotics.vexcode\sdk\cpp\V5\V5_20220726_10_00_00/vexv5\libv5rt.a(vex_color.cpp.obj)
                0x03818d70                vex::color::purple
 .bss._ZN3vex5color4cyanE
                0x03818d78        0x8 c:\Users\mitchellg2026\AppData\Roaming\Code\User\globalStorage\vexrobotics.vexcode\sdk\cpp\V5\V5_20220726_10_00_00/vexv5\libv5rt.a(vex_color.cpp.obj)
                0x03818d78                vex::color::cyan
 .bss._ZN3vex5color4blueE
                0x03818d80        0x8 c:\Users\mitchellg2026\AppData\Roaming\Code\User\globalStorage\vexrobotics.vexcode\sdk\cpp\V5\V5_20220726_10_00_00/vexv5\libv5rt.a(vex_color.cpp.obj)
                0x03818d80                vex::color::blue
 .bss._ZN3vex5color3redE
                0x03818d88        0x8 c:\Users\mitchellg2026\AppData\Roaming\Code\User\globalStorage\vexrobotics.vexcode\sdk\cpp\V5\V5_20220726_10_00_00/vexv5\libv5rt.a(vex_color.cpp.obj)
                0x03818d88                vex::color::red
 .bss._ZN3vex5color11transparentE
                0x03818d90        0x8 c:\Users\mitchellg2026\AppData\Roaming\Code\User\globalStorage\vexrobotics.vexcode\sdk\cpp\V5\V5_20220726_10_00_00/vexv5\libv5rt.a(vex_color.cpp.obj)
                0x03818d90                vex::color::transparent
 .bss._ZN3vex5color5whiteE
                0x03818d98        0x8 c:\Users\mitchellg2026\AppData\Roaming\Code\User\globalStorage\vexrobotics.vexcode\sdk\cpp\V5\V5_20220726_10_00_00/vexv5\libv5rt.a(vex_color.cpp.obj)
                0x03818d98                vex::color::white
 *(.gnu.linkonce.b.*)
 *(COMMON)
 COMMON         0x03818da0       0x18 c:\Users\mitchellg2026\AppData\Roaming\Code\User\globalStorage\vexrobotics.vexcode\sdk\cpp\V5\V5_20220726_10_00_00/vexv5\libv5rt.a(v5_startup.c.obj)
                0x03818da4                __vex_critical_section
                0x03818db8                __bss_end = .
                0x038188e4                _SDA_BASE_ = (__sdata_start + ((__sbss_end - __sdata_start) / 0x2))
                0x0381849c                _SDA2_BASE_ = (__sdata2_start + ((__sbss2_end - __sdata2_start) / 0x2))

.heap           0x03818db8   0x100008
                0x03818dc0                . = ALIGN (0x10)
 *fill*         0x03818db8        0x8 
                0x03818dc0                _heap = .
                0x03818dc0                HeapBase = .
                0x03818dc0                _heap_start = .
                0x03918dc0                . = (. + _HEAP_SIZE)
 *fill*         0x03818dc0   0x100000 
                0x03918dc0                _heap_end = .
                0x03918dc0                HeapLimit = .

.stack          0x03918dc0     0x3800
                0x03918dc0                . = ALIGN (0x10)
                0x03918dc0                _stack_end = .
                0x0391adc0                . = (. + _STACK_SIZE)
 *fill*         0x03918dc0     0x2000 
                0x0391adc0                . = ALIGN (0x10)
                0x0391adc0                _stack = .
                0x0391adc0                __stack = _stack
                0x0391adc0                . = ALIGN (0x10)
                0x0391adc0                _irq_stack_end = .
                0x0391b1c0                . = (. + _IRQ_STACK_SIZE)
 *fill*         0x0391adc0      0x400 
                0x0391b1c0                . = ALIGN (0x10)
                0x0391b1c0                __irq_stack = .
                0x0391b1c0                _supervisor_stack_end = .
                0x0391b9c0                . = (. + _SUPERVISOR_STACK_SIZE)
 *fill*         0x0391b1c0      0x800 
                0x0391b9c0                . = ALIGN (0x10)
                0x0391b9c0                __supervisor_stack = .
                0x0391b9c0                _abort_stack_end = .
                0x0391bdc0                . = (. + _ABORT_STACK_SIZE)
 *fill*         0x0391b9c0      0x400 
                0x0391bdc0                . = ALIGN (0x10)
                0x0391bdc0                __abort_stack = .
                0x0391bdc0                _fiq_stack_end = .
                0x0391c1c0                . = (. + _FIQ_STACK_SIZE)
 *fill*         0x0391bdc0      0x400 
                0x0391c1c0                . = ALIGN (0x10)
                0x0391c1c0                __fiq_stack = .
                0x0391c1c0                _undef_stack_end = .
                0x0391c5c0                . = (. + _UNDEF_STACK_SIZE)
 *fill*         0x0391c1c0      0x400 
                0x0391c5c0                . = ALIGN (0x10)
                0x0391c5c0                __undef_stack = .
                0x0391c5c0                _end = .
LOAD c:\Users\mitchellg2026\AppData\Roaming\Code\User\globalStorage\vexrobotics.vexcode\sdk\cpp\V5\V5_20220726_10_00_00/vexv5/stdlib_0.lib
LOAD build/src/main.o
LOAD build/src/robot-config.o
START GROUP
LOAD c:\Users\mitchellg2026\AppData\Roaming\Code\User\globalStorage\vexrobotics.vexcode\sdk\cpp\V5\V5_20220726_10_00_00/vexv5\libv5rt.a
LOAD c:\Users\mitchellg2026\AppData\Roaming\Code\User\globalStorage\vexrobotics.vexcode\sdk\cpp\V5\V5_20220726_10_00_00/vexv5/gcc/libs\libstdc++.a
LOAD c:\Users\mitchellg2026\AppData\Roaming\Code\User\globalStorage\vexrobotics.vexcode\sdk\cpp\V5\V5_20220726_10_00_00/vexv5/gcc/libs\libc.a
LOAD c:\Users\mitchellg2026\AppData\Roaming\Code\User\globalStorage\vexrobotics.vexcode\sdk\cpp\V5\V5_20220726_10_00_00/vexv5/gcc/libs\libm.a
LOAD c:\Users\mitchellg2026\AppData\Roaming\Code\User\globalStorage\vexrobotics.vexcode\sdk\cpp\V5\V5_20220726_10_00_00/vexv5/gcc/libs\libgcc.a
END GROUP
OUTPUT(build/SuperMarioBros.elf elf32-littlearm)

.comment        0x00000000       0x9d
 .comment       0x00000000       0x2d build/src/main.o
                                 0x2e (size before relaxing)
 .comment       0x00000000       0x2e build/src/robot-config.o
 .comment       0x0000002d       0x70 c:\Users\mitchellg2026\AppData\Roaming\Code\User\globalStorage\vexrobotics.vexcode\sdk\cpp\V5\V5_20220726_10_00_00/vexv5\libv5rt.a(v5_startup.c.obj)
                                 0x71 (size before relaxing)
 .comment       0x00000000       0x71 c:\Users\mitchellg2026\AppData\Roaming\Code\User\globalStorage\vexrobotics.vexcode\sdk\cpp\V5\V5_20220726_10_00_00/vexv5\libv5rt.a(v5_util.c.obj)
 .comment       0x00000000       0x71 c:\Users\mitchellg2026\AppData\Roaming\Code\User\globalStorage\vexrobotics.vexcode\sdk\cpp\V5\V5_20220726_10_00_00/vexv5\libv5rt.a(v5_apijump.c.obj)
 .comment       0x00000000       0x71 c:\Users\mitchellg2026\AppData\Roaming\Code\User\globalStorage\vexrobotics.vexcode\sdk\cpp\V5\V5_20220726_10_00_00/vexv5\libv5rt.a(v5_apiversions.c.obj)
 .comment       0x00000000       0x71 c:\Users\mitchellg2026\AppData\Roaming\Code\User\globalStorage\vexrobotics.vexcode\sdk\cpp\V5\V5_20220726_10_00_00/vexv5\libv5rt.a(vex_global.cpp.obj)
 .comment       0x00000000       0x71 c:\Users\mitchellg2026\AppData\Roaming\Code\User\globalStorage\vexrobotics.vexcode\sdk\cpp\V5\V5_20220726_10_00_00/vexv5\libv5rt.a(vex_controller.cpp.obj)
 .comment       0x00000000       0x71 c:\Users\mitchellg2026\AppData\Roaming\Code\User\globalStorage\vexrobotics.vexcode\sdk\cpp\V5\V5_20220726_10_00_00/vexv5\libv5rt.a(vex_thread.cpp.obj)
 .comment       0x00000000       0x71 c:\Users\mitchellg2026\AppData\Roaming\Code\User\globalStorage\vexrobotics.vexcode\sdk\cpp\V5\V5_20220726_10_00_00/vexv5\libv5rt.a(vex_event.cpp.obj)
 .comment       0x00000000       0x71 c:\Users\mitchellg2026\AppData\Roaming\Code\User\globalStorage\vexrobotics.vexcode\sdk\cpp\V5\V5_20220726_10_00_00/vexv5\libv5rt.a(vex_mevent.cpp.obj)
 .comment       0x00000000       0x71 c:\Users\mitchellg2026\AppData\Roaming\Code\User\globalStorage\vexrobotics.vexcode\sdk\cpp\V5\V5_20220726_10_00_00/vexv5\libv5rt.a(vex_brain.cpp.obj)
 .comment       0x00000000       0x71 c:\Users\mitchellg2026\AppData\Roaming\Code\User\globalStorage\vexrobotics.vexcode\sdk\cpp\V5\V5_20220726_10_00_00/vexv5\libv5rt.a(vex_triport.cpp.obj)
 .comment       0x00000000       0x71 c:\Users\mitchellg2026\AppData\Roaming\Code\User\globalStorage\vexrobotics.vexcode\sdk\cpp\V5\V5_20220726_10_00_00/vexv5\libv5rt.a(vex_color.cpp.obj)
 .comment       0x00000000       0x71 c:\Users\mitchellg2026\AppData\Roaming\Code\User\globalStorage\vexrobotics.vexcode\sdk\cpp\V5\V5_20220726_10_00_00/vexv5\libv5rt.a(vex_timer.cpp.obj)
 .comment       0x00000000       0x71 c:\Users\mitchellg2026\AppData\Roaming\Code\User\globalStorage\vexrobotics.vexcode\sdk\cpp\V5\V5_20220726_10_00_00/vexv5\libv5rt.a(v5_apiuser.c.obj)
 .comment       0x00000000       0x71 c:\Users\mitchellg2026\AppData\Roaming\Code\User\globalStorage\vexrobotics.vexcode\sdk\cpp\V5\V5_20220726_10_00_00/vexv5\libv5rt.a(vex_device.cpp.obj)

.note.GNU-stack
                0x00000000        0x0
 .note.GNU-stack
                0x00000000        0x0 build/src/main.o
 .note.GNU-stack
                0x00000000        0x0 build/src/robot-config.o

.debug_frame    0x00000000       0xb0
 .debug_frame   0x00000000       0x20 c:\Users\mitchellg2026\AppData\Roaming\Code\User\globalStorage\vexrobotics.vexcode\sdk\cpp\V5\V5_20220726_10_00_00/vexv5/gcc/libs\libc.a(lib_a-aeabi_memcpy.o)
 .debug_frame   0x00000020       0x34 c:\Users\mitchellg2026\AppData\Roaming\Code\User\globalStorage\vexrobotics.vexcode\sdk\cpp\V5\V5_20220726_10_00_00/vexv5/gcc/libs\libc.a(lib_a-fini.o)
 .debug_frame   0x00000054       0x2c c:\Users\mitchellg2026\AppData\Roaming\Code\User\globalStorage\vexrobotics.vexcode\sdk\cpp\V5\V5_20220726_10_00_00/vexv5/gcc/libs\libc.a(lib_a-init.o)
 .debug_frame   0x00000080       0x30 c:\Users\mitchellg2026\AppData\Roaming\Code\User\globalStorage\vexrobotics.vexcode\sdk\cpp\V5\V5_20220726_10_00_00/vexv5/gcc/libs\libc.a(lib_a-memcpy.o)
